interactions:
- request:
    body: |
      {"data":{"attributes":{"description":"Any incidents that harm (or have the potential to) the confidentiality, integrity, or availability of our data.","is_default":false,"name":"Security Incident"},"type":"incident_types"}}
    form: {}
    headers:
      Accept:
      - application/json
      Content-Type:
      - application/json
    id: 0
    method: POST
    url: https://api.datadoghq.com/api/v2/incidents/config/types
  response:
    body: '{"data":{"id":"486b278d-6bd2-4eb4-950b-5985c3ed155f","type":"incident_types","attributes":{"createdAt":"2026-02-23T14:06:40.417374516Z","createdBy":"3ad549bf-eba0-11e9-a77a-0705486660d0","description":"Any
      incidents that harm (or have the potential to) the confidentiality, integrity,
      or availability of our data.","is_default":false,"lastModifiedBy":"3ad549bf-eba0-11e9-a77a-0705486660d0","modifiedAt":"2026-02-23T14:06:40.417374598Z","name":"Security
      Incident","prefix":"IR"},"relationships":{"created_by_user":{"data":{"id":"3ad549bf-eba0-11e9-a77a-0705486660d0","type":"users"}},"google_chat_configuration":{"data":null},"google_meet_configuration":{"data":null},"last_modified_by_user":{"data":{"id":"3ad549bf-eba0-11e9-a77a-0705486660d0","type":"users"}},"microsoft_teams_configuration":{"data":null},"zoom_configuration":{"data":null}}}}'
    code: 201
    duration: 0ms
    headers:
      Content-Type:
      - application/vnd.api+json
    status: 201 Created
- request:
    body: |
      {"data":{"attributes":{"category":"alert","content":"Test notification template","name":"Test Template Test-Delete_incident_notification_template_returns_No_Content_response-1771855600","subject":"Test Subject"},"relationships":{"incident_type":{"data":{"id":"486b278d-6bd2-4eb4-950b-5985c3ed155f","type":"incident_types"}}},"type":"notification_templates"}}
    form: {}
    headers:
      Accept:
      - application/json
      Content-Type:
      - application/json
    id: 1
    method: POST
    url: https://api.datadoghq.com/api/v2/incidents/config/notification-templates
  response:
    body: '{"data":{"id":"4e29aefe-98c5-4cdf-a837-2a916bc79395","type":"notification_templates","attributes":{"category":"alert","content":"Test
      notification template","created":"2026-02-23T14:06:40.827464Z","modified":"2026-02-23T14:06:40.827464Z","name":"Test
      Template Test-Delete_incident_notification_template_returns_No_Content_response-1771855600","subject":"Test
      Subject"},"relationships":{"created_by_user":{"data":{"id":"3ad549bf-eba0-11e9-a77a-0705486660d0","type":"users"}},"incident_type":{"data":{"id":"486b278d-6bd2-4eb4-950b-5985c3ed155f","type":"incident_types"}},"last_modified_by_user":{"data":{"id":"3ad549bf-eba0-11e9-a77a-0705486660d0","type":"users"}}}}}'
    code: 201
    duration: 0ms
    headers:
      Content-Type:
      - application/vnd.api+json
    status: 201 Created
- request:
    body: ''
    form: {}
    headers:
      Accept:
      - '*/*'
    id: 2
    method: DELETE
    url: https://api.datadoghq.com/api/v2/incidents/config/notification-templates/4e29aefe-98c5-4cdf-a837-2a916bc79395
  response:
    body: ''
    code: 204
    duration: 0ms
    headers: {}
    status: 204 No Content
- request:
    body: ''
    form: {}
    headers:
      Accept:
      - '*/*'
    id: 3
    method: DELETE
    url: https://api.datadoghq.com/api/v2/incidents/config/notification-templates/4e29aefe-98c5-4cdf-a837-2a916bc79395
  response:
    body: '{"errors":[{"status":"404","title":"Not Found"}]}'
    code: 404
    duration: 0ms
    headers:
      Content-Type:
      - application/vnd.api+json
    status: 404 Not Found
- request:
    body: ''
    form: {}
    headers:
      Accept:
      - '*/*'
    id: 4
    method: DELETE
    url: https://api.datadoghq.com/api/v2/incidents/config/types/486b278d-6bd2-4eb4-950b-5985c3ed155f
  response:
    body: ''
    code: 204
    duration: 0ms
    headers: {}
    status: 204 No Content
version: 2
