---
version: 1
interactions:
- request:
    body: |
      {"cases":[{"condition":"rule \u003e 0","name":"rule-case","status":"info"}],"enabled":true,"message":"rule message","name":"go-TestSignalsListPost-local-1594313260","options":{"evaluationWindow":0,"keepAlive":0,"maxSignalDuration":0},"queries":[{"groupByFields":[],"name":"rule","query":"go-TestSignalsListPost-local-1594313260"}],"tags":["datadog-api-client-test-go"]}
    form: {}
    headers:
      Accept:
      - application/json
      Content-Type:
      - application/json
      Dd-Operation-Id:
      - CreateSecurityMonitoringRule
      User-Agent:
      - datadog-api-client-go/1.0.0-beta.7+dev (go go1.14.2; os darwin; arch amd64)
      X-Datadog-Parent-Id:
      - "7728301916619803466"
      X-Datadog-Sampling-Priority:
      - "1"
      X-Datadog-Trace-Id:
      - "1111614278270881599"
    url: https://api.datadoghq.com/api/v2/security_monitoring/rules
    method: POST
  response:
    body: '{"creationAuthorId":1445416,"tags":["datadog-api-client-test-go"],"isEnabled":true,"hasExtendedTitle":false,"message":"rule
      message","options":{"evaluationWindow":0,"maxSignalDuration":0,"keepAlive":0},"version":1,"createdAt":1594313261516,"queries":[{"query":"go-TestSignalsListPost-local-1594313260","groupByFields":[],"name":"rule","distinctFields":[]}],"isDeleted":false,"cases":[{"status":"info","notifications":[],"name":"rule-case","condition":"rule
      > 0"}],"id":"x8y-nba-ysa","isDefault":false,"name":"go-TestSignalsListPost-local-1594313260"}'
    headers:
      Cache-Control:
      - no-cache
      Connection:
      - keep-alive
      Content-Disposition:
      - inline
      Content-Type:
      - application/json;charset=utf-8
      Date:
      - Thu, 09 Jul 2020 16:47:41 GMT
      Dd-Pool:
      - dogweb
      Pragma:
      - no-cache
      Set-Cookie:
      - DD-PSHARD=233; Max-Age=604800; Path=/; expires=Thu, 16-Jul-2020 16:47:41 GMT;
        secure; HttpOnly
      Strict-Transport-Security:
      - max-age=15724800;
      Vary:
      - Accept-Encoding
      X-Content-Type-Options:
      - nosniff
      X-Dd-Debug:
      - OdMYjD4Lcx2EOYJ2NSqLNRIyMqxNYyUQxCcT6zY9ZmZ+zl9yipXz0nuLjH5hVxTY
      X-Dd-Version:
      - "35.2720737"
      X-Frame-Options:
      - SAMEORIGIN
    status: 200 OK
    code: 200
    duration: ""
- request:
    body: '{"ddsource": "go-client-test-go-TestSignalsListPost-local-1594313260",
      "ddtags": "go,test,signal", "message": "{\"timestamp\": 1594312260000, \"message\":
      \"go-TestSignalsListPost-local-1594313260\"}"}'
    form: {}
    headers:
      Content-Type:
      - application/json
      X-Datadog-Parent-Id:
      - "4316424803226642636"
      X-Datadog-Sampling-Priority:
      - "1"
      X-Datadog-Trace-Id:
      - "4316424803226642636"
    url: https://http-intake.logs.datadoghq.com/v1/input
    method: POST
  response:
    body: '{}'
    headers:
      Content-Length:
      - "2"
      Content-Type:
      - application/json
      Date:
      - Thu, 09 Jul 2020 16:47:41 GMT
    status: 200 OK
    code: 200
    duration: ""
- request:
    body: '{"ddsource": "go-client-test-go-TestSignalsListPost-local-1594313260",
      "ddtags": "go,test,signal", "message": "{\"timestamp\": 1594313260000, \"message\":
      \"go-TestSignalsListPost-local-1594313260\"}"}'
    form: {}
    headers:
      Content-Type:
      - application/json
      X-Datadog-Parent-Id:
      - "8637692476895454844"
      X-Datadog-Sampling-Priority:
      - "1"
      X-Datadog-Trace-Id:
      - "8637692476895454844"
    url: https://http-intake.logs.datadoghq.com/v1/input
    method: POST
  response:
    body: '{}'
    headers:
      Content-Length:
      - "2"
      Content-Type:
      - application/json
      Date:
      - Thu, 09 Jul 2020 16:47:42 GMT
    status: 200 OK
    code: 200
    duration: ""
- request:
    body: |
      {"filter":{"from":"2020-07-09T16:47:40.872055+02:00","query":"go-TestSignalsListPost-local-1594313260","to":"2020-07-09T20:47:40.872055+02:00"}}
    form: {}
    headers:
      Accept:
      - application/json
      Content-Type:
      - application/json
      Dd-Operation-Id:
      - SearchSecurityMonitoringSignals
      User-Agent:
      - datadog-api-client-go/1.0.0-beta.7+dev (go go1.14.2; os darwin; arch amd64)
      X-Datadog-Parent-Id:
      - "7152766145751905655"
      X-Datadog-Sampling-Priority:
      - "1"
      X-Datadog-Trace-Id:
      - "1111614278270881599"
    url: https://api.datadoghq.com/api/v2/security_monitoring/signals/search
    method: POST
  response:
    body: '{"data":[]}'
    headers:
      Cache-Control:
      - no-cache
      Connection:
      - keep-alive
      Content-Disposition:
      - inline
      Content-Length:
      - "11"
      Content-Type:
      - application/json;charset=utf-8
      Date:
      - Thu, 09 Jul 2020 16:47:42 GMT
      Dd-Pool:
      - dogweb
      Pragma:
      - no-cache
      Set-Cookie:
      - DD-PSHARD=233; Max-Age=604800; Path=/; expires=Thu, 16-Jul-2020 16:47:42 GMT;
        secure; HttpOnly
      Strict-Transport-Security:
      - max-age=15724800;
      X-Content-Type-Options:
      - nosniff
      X-Dd-Debug:
      - gCSZ7BDMU1GjNFaR6hO6ZgwcgG3iOVugDLAlbR+YVBEuMFHhC330JIFkvjLveHm3
      X-Dd-Version:
      - "35.2720737"
      X-Frame-Options:
      - SAMEORIGIN
    status: 200 OK
    code: 200
    duration: ""
- request:
    body: |
      {"filter":{"from":"2020-07-09T16:47:40.872055+02:00","query":"go-TestSignalsListPost-local-1594313260","to":"2020-07-09T20:47:40.872055+02:00"}}
    form: {}
    headers:
      Accept:
      - application/json
      Content-Type:
      - application/json
      Dd-Operation-Id:
      - SearchSecurityMonitoringSignals
      User-Agent:
      - datadog-api-client-go/1.0.0-beta.7+dev (go go1.14.2; os darwin; arch amd64)
      X-Datadog-Parent-Id:
      - "2373467901367632493"
      X-Datadog-Sampling-Priority:
      - "1"
      X-Datadog-Trace-Id:
      - "1111614278270881599"
    url: https://api.datadoghq.com/api/v2/security_monitoring/signals/search
    method: POST
  response:
    body: '{"data":[]}'
    headers:
      Cache-Control:
      - no-cache
      Connection:
      - keep-alive
      Content-Disposition:
      - inline
      Content-Length:
      - "11"
      Content-Type:
      - application/json;charset=utf-8
      Date:
      - Thu, 09 Jul 2020 16:47:47 GMT
      Dd-Pool:
      - dogweb
      Pragma:
      - no-cache
      Set-Cookie:
      - DD-PSHARD=233; Max-Age=604800; Path=/; expires=Thu, 16-Jul-2020 16:47:47 GMT;
        secure; HttpOnly
      Strict-Transport-Security:
      - max-age=15724800;
      X-Content-Type-Options:
      - nosniff
      X-Dd-Debug:
      - e/PzE6y8JJ1tlF66uEI2h0RElcpoaXRe9TzYMeQVIADcqTHrHUqcUgRemfbYKGMv
      X-Dd-Version:
      - "35.2720737"
      X-Frame-Options:
      - SAMEORIGIN
    status: 200 OK
    code: 200
    duration: ""
- request:
    body: |
      {"filter":{"from":"2020-07-09T16:47:40.872055+02:00","query":"go-TestSignalsListPost-local-1594313260","to":"2020-07-09T20:47:40.872055+02:00"}}
    form: {}
    headers:
      Accept:
      - application/json
      Content-Type:
      - application/json
      Dd-Operation-Id:
      - SearchSecurityMonitoringSignals
      User-Agent:
      - datadog-api-client-go/1.0.0-beta.7+dev (go go1.14.2; os darwin; arch amd64)
      X-Datadog-Parent-Id:
      - "2422957843520365272"
      X-Datadog-Sampling-Priority:
      - "1"
      X-Datadog-Trace-Id:
      - "1111614278270881599"
    url: https://api.datadoghq.com/api/v2/security_monitoring/signals/search
    method: POST
  response:
    body: '{"data":[]}'
    headers:
      Cache-Control:
      - no-cache
      Connection:
      - keep-alive
      Content-Disposition:
      - inline
      Content-Length:
      - "11"
      Content-Type:
      - application/json;charset=utf-8
      Date:
      - Thu, 09 Jul 2020 16:47:52 GMT
      Dd-Pool:
      - dogweb
      Pragma:
      - no-cache
      Set-Cookie:
      - DD-PSHARD=233; Max-Age=604800; Path=/; expires=Thu, 16-Jul-2020 16:47:52 GMT;
        secure; HttpOnly
      Strict-Transport-Security:
      - max-age=15724800;
      X-Content-Type-Options:
      - nosniff
      X-Dd-Debug:
      - xNK8D8E4U1PyLMVOdDgzcc4izX6UzMbP9Ygv1jJl/dgpKsJQ0NHsqPPadJ+IsqEV
      X-Dd-Version:
      - "35.2720737"
      X-Frame-Options:
      - SAMEORIGIN
    status: 200 OK
    code: 200
    duration: ""
- request:
    body: |
      {"filter":{"from":"2020-07-09T16:47:40.872055+02:00","query":"go-TestSignalsListPost-local-1594313260","to":"2020-07-09T20:47:40.872055+02:00"}}
    form: {}
    headers:
      Accept:
      - application/json
      Content-Type:
      - application/json
      Dd-Operation-Id:
      - SearchSecurityMonitoringSignals
      User-Agent:
      - datadog-api-client-go/1.0.0-beta.7+dev (go go1.14.2; os darwin; arch amd64)
      X-Datadog-Parent-Id:
      - "1501749609365468765"
      X-Datadog-Sampling-Priority:
      - "1"
      X-Datadog-Trace-Id:
      - "1111614278270881599"
    url: https://api.datadoghq.com/api/v2/security_monitoring/signals/search
    method: POST
  response:
    body: '{"meta":{"page":{"after":"eyJhZnRlciI6IkFRQUFBWE0wZWNTcEFBQUFBQUFBQUFCNE9Ia3RibUpoTFhsellTMHhMVUZZVFRCbFkwNU9ibU5TYUhORE1VbGFkMEZCIn0"}},"data":[{"attributes":{"status":"info","attributes":{"relatedLogsQuery":{"query":"go-TestSignalsListPost-local-1594313260","from":"2020-07-09T16:32:40.000Z","to":"2020-07-10T16:47:40.000Z"},"title":"go-TestSignalsListPost-local-1594313260
      - rule-case","groupByPaths":[],"workflow":{"first_seen":"2020-07-09T16:47:40.000Z","rule":{"version":1,"name":"go-TestSignalsListPost-local-1594313260","id":"x8y-nba-ysa"},"last_seen":"2020-07-09T16:47:40.000Z"},"samples":[{"eventId":"AQAAAXM0ebvgh5HJQQAAAABBWE0wZWNQVGw4elY0TFNuQjhBQQ","content":{"status":"info","tags":["source:go-client-test-go-testsignalslistpost-local-1594313260","test","go","signal"],"timestamp":"2020-07-09T16:47:40.000Z","ingest_size_in_bytes":201,"custom":{"timestamp":1594313260000},"source":"go-client-test-go-TestSignalsListPost-local-1594313260","tiebreaker":-2020488895,"message":"go-TestSignalsListPost-local-1594313260"},"queryIndex":0,"trackKey":{"orgId":321813,"type":"logs"},"id":"AXM0ecPTl8zV4LSnB8AA"}],"queries":[{"query":"go-TestSignalsListPost-local-1594313260","groupByPaths":[]}]},"message":"%%%\nrule
      message\n%%%","tags":["datadog-api-client-test-go"],"timestamp":"2020-07-09T16:47:43.330Z"},"type":"signal","id":"AQAAAXM0ecjiAAAAAAAAAAB4OHktbmJhLXlzYS0xLUFYTTBlY1BUbDh6VjRMU25COEFB"},{"attributes":{"status":"info","attributes":{"relatedLogsQuery":{"query":"go-TestSignalsListPost-local-1594313260","from":"2020-07-09T16:16:00.000Z","to":"2020-07-10T16:31:00.000Z"},"title":"go-TestSignalsListPost-local-1594313260
      - rule-case","groupByPaths":[],"workflow":{"first_seen":"2020-07-09T16:31:00.000Z","rule":{"version":1,"name":"go-TestSignalsListPost-local-1594313260","id":"x8y-nba-ysa"},"last_seen":"2020-07-09T16:31:00.000Z"},"samples":[{"eventId":"AQAAAXM0anmgINS_CQAAAABBWE0wZWNOTm5jUmhzQzFJWndBQQ","content":{"status":"info","tags":["source:go-client-test-go-testsignalslistpost-local-1594313260","test","go","signal"],"timestamp":"2020-07-09T16:31:00.000Z","ingest_size_in_bytes":201,"custom":{"timestamp":1594312260000},"source":"go-client-test-go-TestSignalsListPost-local-1594313260","tiebreaker":550813449,"message":"go-TestSignalsListPost-local-1594313260"},"queryIndex":0,"trackKey":{"orgId":321813,"type":"logs"},"id":"AXM0ecNNncRhsC1IZwAA"}],"queries":[{"query":"go-TestSignalsListPost-local-1594313260","groupByPaths":[]}]},"message":"%%%\nrule
      message\n%%%","tags":["datadog-api-client-test-go"],"timestamp":"2020-07-09T16:47:42.249Z"},"type":"signal","id":"AQAAAXM0ecSpAAAAAAAAAAB4OHktbmJhLXlzYS0xLUFYTTBlY05ObmNSaHNDMUlad0FB"}],"links":{"next":"https://api.datadoghq.com/api/v2/security_monitoring/signals?filter%5Bquery%5D=go-TestSignalsListPost-local-1594313260&page%5Bcursor%5D=eyJhZnRlciI6IkFRQUFBWE0wZWNTcEFBQUFBQUFBQUFCNE9Ia3RibUpoTFhsellTMHhMVUZZVFRCbFkwNU9ibU5TYUhORE1VbGFkMEZCIn0&filter%5Bfrom%5D=2020-07-09T16%3A47%3A40.872055%2B02%3A00&filter%5Bto%5D=2020-07-09T20%3A47%3A40.872055%2B02%3A00"}}'
    headers:
      Cache-Control:
      - no-cache
      Connection:
      - keep-alive
      Content-Disposition:
      - inline
      Content-Type:
      - application/json;charset=utf-8
      Date:
      - Thu, 09 Jul 2020 16:47:57 GMT
      Dd-Pool:
      - dogweb
      Pragma:
      - no-cache
      Set-Cookie:
      - DD-PSHARD=233; Max-Age=604800; Path=/; expires=Thu, 16-Jul-2020 16:47:57 GMT;
        secure; HttpOnly
      Strict-Transport-Security:
      - max-age=15724800;
      Vary:
      - Accept-Encoding
      X-Content-Type-Options:
      - nosniff
      X-Dd-Debug:
      - nDs7oXQtOYsvIIpPzuNZX0qDgGBu3ENkec7da4phztYl7kD88B7t5enRlUQmZVgO
      X-Dd-Version:
      - "35.2720737"
      X-Frame-Options:
      - SAMEORIGIN
    status: 200 OK
    code: 200
    duration: ""
- request:
    body: |
      {"filter":{"from":"2020-07-09T16:47:40.872055+02:00","query":"go-TestSignalsListPost-local-1594313260","to":"2020-07-09T20:47:40.872055+02:00"},"sort":"timestamp"}
    form: {}
    headers:
      Accept:
      - application/json
      Content-Type:
      - application/json
      Dd-Operation-Id:
      - SearchSecurityMonitoringSignals
      User-Agent:
      - datadog-api-client-go/1.0.0-beta.7+dev (go go1.14.2; os darwin; arch amd64)
      X-Datadog-Parent-Id:
      - "7588755669429868941"
      X-Datadog-Sampling-Priority:
      - "1"
      X-Datadog-Trace-Id:
      - "1111614278270881599"
    url: https://api.datadoghq.com/api/v2/security_monitoring/signals/search
    method: POST
  response:
    body: '{"meta":{"page":{"after":"eyJhZnRlciI6IkFRQUFBWE0wZWNqaUFBQUFBQUFBQUFCNE9Ia3RibUpoTFhsellTMHhMVUZZVFRCbFkxQlViRGg2VmpSTVUyNUNPRUZCIn0"}},"data":[{"attributes":{"status":"info","attributes":{"relatedLogsQuery":{"query":"go-TestSignalsListPost-local-1594313260","from":"2020-07-09T16:16:00.000Z","to":"2020-07-10T16:31:00.000Z"},"title":"go-TestSignalsListPost-local-1594313260
      - rule-case","groupByPaths":[],"workflow":{"first_seen":"2020-07-09T16:31:00.000Z","rule":{"version":1,"name":"go-TestSignalsListPost-local-1594313260","id":"x8y-nba-ysa"},"last_seen":"2020-07-09T16:31:00.000Z"},"samples":[{"eventId":"AQAAAXM0anmgINS_CQAAAABBWE0wZWNOTm5jUmhzQzFJWndBQQ","content":{"status":"info","tags":["source:go-client-test-go-testsignalslistpost-local-1594313260","test","go","signal"],"timestamp":"2020-07-09T16:31:00.000Z","ingest_size_in_bytes":201,"custom":{"timestamp":1594312260000},"source":"go-client-test-go-TestSignalsListPost-local-1594313260","tiebreaker":550813449,"message":"go-TestSignalsListPost-local-1594313260"},"queryIndex":0,"trackKey":{"orgId":321813,"type":"logs"},"id":"AXM0ecNNncRhsC1IZwAA"}],"queries":[{"query":"go-TestSignalsListPost-local-1594313260","groupByPaths":[]}]},"message":"%%%\nrule
      message\n%%%","tags":["datadog-api-client-test-go"],"timestamp":"2020-07-09T16:47:42.249Z"},"type":"signal","id":"AQAAAXM0ecSpAAAAAAAAAAB4OHktbmJhLXlzYS0xLUFYTTBlY05ObmNSaHNDMUlad0FB"},{"attributes":{"status":"info","attributes":{"relatedLogsQuery":{"query":"go-TestSignalsListPost-local-1594313260","from":"2020-07-09T16:32:40.000Z","to":"2020-07-10T16:47:40.000Z"},"title":"go-TestSignalsListPost-local-1594313260
      - rule-case","groupByPaths":[],"workflow":{"first_seen":"2020-07-09T16:47:40.000Z","rule":{"version":1,"name":"go-TestSignalsListPost-local-1594313260","id":"x8y-nba-ysa"},"last_seen":"2020-07-09T16:47:40.000Z"},"samples":[{"eventId":"AQAAAXM0ebvgh5HJQQAAAABBWE0wZWNQVGw4elY0TFNuQjhBQQ","content":{"status":"info","tags":["source:go-client-test-go-testsignalslistpost-local-1594313260","test","go","signal"],"timestamp":"2020-07-09T16:47:40.000Z","ingest_size_in_bytes":201,"custom":{"timestamp":1594313260000},"source":"go-client-test-go-TestSignalsListPost-local-1594313260","tiebreaker":-2020488895,"message":"go-TestSignalsListPost-local-1594313260"},"queryIndex":0,"trackKey":{"orgId":321813,"type":"logs"},"id":"AXM0ecPTl8zV4LSnB8AA"}],"queries":[{"query":"go-TestSignalsListPost-local-1594313260","groupByPaths":[]}]},"message":"%%%\nrule
      message\n%%%","tags":["datadog-api-client-test-go"],"timestamp":"2020-07-09T16:47:43.330Z"},"type":"signal","id":"AQAAAXM0ecjiAAAAAAAAAAB4OHktbmJhLXlzYS0xLUFYTTBlY1BUbDh6VjRMU25COEFB"}],"links":{"next":"https://api.datadoghq.com/api/v2/security_monitoring/signals?sort=timestamp&filter%5Bquery%5D=go-TestSignalsListPost-local-1594313260&page%5Bcursor%5D=eyJhZnRlciI6IkFRQUFBWE0wZWNqaUFBQUFBQUFBQUFCNE9Ia3RibUpoTFhsellTMHhMVUZZVFRCbFkxQlViRGg2VmpSTVUyNUNPRUZCIn0&filter%5Bfrom%5D=2020-07-09T16%3A47%3A40.872055%2B02%3A00&filter%5Bto%5D=2020-07-09T20%3A47%3A40.872055%2B02%3A00"}}'
    headers:
      Cache-Control:
      - no-cache
      Connection:
      - keep-alive
      Content-Disposition:
      - inline
      Content-Type:
      - application/json;charset=utf-8
      Date:
      - Thu, 09 Jul 2020 16:47:57 GMT
      Dd-Pool:
      - dogweb
      Pragma:
      - no-cache
      Set-Cookie:
      - DD-PSHARD=233; Max-Age=604800; Path=/; expires=Thu, 16-Jul-2020 16:47:57 GMT;
        secure; HttpOnly
      Strict-Transport-Security:
      - max-age=15724800;
      Vary:
      - Accept-Encoding
      X-Content-Type-Options:
      - nosniff
      X-Dd-Debug:
      - AZX6w/8zD+VN3BjlP7mTxsWKLW39bs6QmKw7eyNlBdxzsMsZp5eTFn4umzElZK4n
      X-Dd-Version:
      - "35.2720737"
      X-Frame-Options:
      - SAMEORIGIN
    status: 200 OK
    code: 200
    duration: ""
- request:
    body: |
      {"filter":{"from":"2020-07-09T16:47:40.872055+02:00","query":"go-TestSignalsListPost-local-1594313260","to":"2020-07-09T20:47:40.872055+02:00"},"sort":"-timestamp"}
    form: {}
    headers:
      Accept:
      - application/json
      Content-Type:
      - application/json
      Dd-Operation-Id:
      - SearchSecurityMonitoringSignals
      User-Agent:
      - datadog-api-client-go/1.0.0-beta.7+dev (go go1.14.2; os darwin; arch amd64)
      X-Datadog-Parent-Id:
      - "5533962070777520099"
      X-Datadog-Sampling-Priority:
      - "1"
      X-Datadog-Trace-Id:
      - "1111614278270881599"
    url: https://api.datadoghq.com/api/v2/security_monitoring/signals/search
    method: POST
  response:
    body: '{"meta":{"page":{"after":"eyJhZnRlciI6IkFRQUFBWE0wZWNTcEFBQUFBQUFBQUFCNE9Ia3RibUpoTFhsellTMHhMVUZZVFRCbFkwNU9ibU5TYUhORE1VbGFkMEZCIn0"}},"data":[{"attributes":{"status":"info","attributes":{"relatedLogsQuery":{"query":"go-TestSignalsListPost-local-1594313260","from":"2020-07-09T16:32:40.000Z","to":"2020-07-10T16:47:40.000Z"},"title":"go-TestSignalsListPost-local-1594313260
      - rule-case","groupByPaths":[],"workflow":{"first_seen":"2020-07-09T16:47:40.000Z","rule":{"version":1,"name":"go-TestSignalsListPost-local-1594313260","id":"x8y-nba-ysa"},"last_seen":"2020-07-09T16:47:40.000Z"},"samples":[{"eventId":"AQAAAXM0ebvgh5HJQQAAAABBWE0wZWNQVGw4elY0TFNuQjhBQQ","content":{"status":"info","tags":["source:go-client-test-go-testsignalslistpost-local-1594313260","test","go","signal"],"timestamp":"2020-07-09T16:47:40.000Z","ingest_size_in_bytes":201,"custom":{"timestamp":1594313260000},"source":"go-client-test-go-TestSignalsListPost-local-1594313260","tiebreaker":-2020488895,"message":"go-TestSignalsListPost-local-1594313260"},"queryIndex":0,"trackKey":{"orgId":321813,"type":"logs"},"id":"AXM0ecPTl8zV4LSnB8AA"}],"queries":[{"query":"go-TestSignalsListPost-local-1594313260","groupByPaths":[]}]},"message":"%%%\nrule
      message\n%%%","tags":["datadog-api-client-test-go"],"timestamp":"2020-07-09T16:47:43.330Z"},"type":"signal","id":"AQAAAXM0ecjiAAAAAAAAAAB4OHktbmJhLXlzYS0xLUFYTTBlY1BUbDh6VjRMU25COEFB"},{"attributes":{"status":"info","attributes":{"relatedLogsQuery":{"query":"go-TestSignalsListPost-local-1594313260","from":"2020-07-09T16:16:00.000Z","to":"2020-07-10T16:31:00.000Z"},"title":"go-TestSignalsListPost-local-1594313260
      - rule-case","groupByPaths":[],"workflow":{"first_seen":"2020-07-09T16:31:00.000Z","rule":{"version":1,"name":"go-TestSignalsListPost-local-1594313260","id":"x8y-nba-ysa"},"last_seen":"2020-07-09T16:31:00.000Z"},"samples":[{"eventId":"AQAAAXM0anmgINS_CQAAAABBWE0wZWNOTm5jUmhzQzFJWndBQQ","content":{"status":"info","tags":["source:go-client-test-go-testsignalslistpost-local-1594313260","test","go","signal"],"timestamp":"2020-07-09T16:31:00.000Z","ingest_size_in_bytes":201,"custom":{"timestamp":1594312260000},"source":"go-client-test-go-TestSignalsListPost-local-1594313260","tiebreaker":550813449,"message":"go-TestSignalsListPost-local-1594313260"},"queryIndex":0,"trackKey":{"orgId":321813,"type":"logs"},"id":"AXM0ecNNncRhsC1IZwAA"}],"queries":[{"query":"go-TestSignalsListPost-local-1594313260","groupByPaths":[]}]},"message":"%%%\nrule
      message\n%%%","tags":["datadog-api-client-test-go"],"timestamp":"2020-07-09T16:47:42.249Z"},"type":"signal","id":"AQAAAXM0ecSpAAAAAAAAAAB4OHktbmJhLXlzYS0xLUFYTTBlY05ObmNSaHNDMUlad0FB"}],"links":{"next":"https://api.datadoghq.com/api/v2/security_monitoring/signals?sort=-timestamp&filter%5Bquery%5D=go-TestSignalsListPost-local-1594313260&page%5Bcursor%5D=eyJhZnRlciI6IkFRQUFBWE0wZWNTcEFBQUFBQUFBQUFCNE9Ia3RibUpoTFhsellTMHhMVUZZVFRCbFkwNU9ibU5TYUhORE1VbGFkMEZCIn0&filter%5Bfrom%5D=2020-07-09T16%3A47%3A40.872055%2B02%3A00&filter%5Bto%5D=2020-07-09T20%3A47%3A40.872055%2B02%3A00"}}'
    headers:
      Cache-Control:
      - no-cache
      Connection:
      - keep-alive
      Content-Disposition:
      - inline
      Content-Type:
      - application/json;charset=utf-8
      Date:
      - Thu, 09 Jul 2020 16:47:58 GMT
      Dd-Pool:
      - dogweb
      Pragma:
      - no-cache
      Set-Cookie:
      - DD-PSHARD=233; Max-Age=604800; Path=/; expires=Thu, 16-Jul-2020 16:47:58 GMT;
        secure; HttpOnly
      Strict-Transport-Security:
      - max-age=15724800;
      Vary:
      - Accept-Encoding
      X-Content-Type-Options:
      - nosniff
      X-Dd-Debug:
      - ztq+F8HwxRthTKNo0l2MCEDK5uwvgQzF00nWu49lHsBM51hGZBm/pPILDqupy+Xd
      X-Dd-Version:
      - "35.2720737"
      X-Frame-Options:
      - SAMEORIGIN
    status: 200 OK
    code: 200
    duration: ""
- request:
    body: |
      {"filter":{"from":"2020-07-09T16:47:40.872055+02:00","query":"go-TestSignalsListPost-local-1594313260","to":"2020-07-09T20:47:40.872055+02:00"},"page":{"limit":1},"sort":"-timestamp"}
    form: {}
    headers:
      Accept:
      - application/json
      Content-Type:
      - application/json
      Dd-Operation-Id:
      - SearchSecurityMonitoringSignals
      User-Agent:
      - datadog-api-client-go/1.0.0-beta.7+dev (go go1.14.2; os darwin; arch amd64)
      X-Datadog-Parent-Id:
      - "5817492518520780993"
      X-Datadog-Sampling-Priority:
      - "1"
      X-Datadog-Trace-Id:
      - "1111614278270881599"
    url: https://api.datadoghq.com/api/v2/security_monitoring/signals/search
    method: POST
  response:
    body: '{"meta":{"page":{"after":"eyJhZnRlciI6IkFRQUFBWE0wZWNqaUFBQUFBQUFBQUFCNE9Ia3RibUpoTFhsellTMHhMVUZZVFRCbFkxQlViRGg2VmpSTVUyNUNPRUZCIn0"}},"data":[{"attributes":{"status":"info","attributes":{"relatedLogsQuery":{"query":"go-TestSignalsListPost-local-1594313260","from":"2020-07-09T16:32:40.000Z","to":"2020-07-10T16:47:40.000Z"},"title":"go-TestSignalsListPost-local-1594313260
      - rule-case","groupByPaths":[],"workflow":{"first_seen":"2020-07-09T16:47:40.000Z","rule":{"version":1,"name":"go-TestSignalsListPost-local-1594313260","id":"x8y-nba-ysa"},"last_seen":"2020-07-09T16:47:40.000Z"},"samples":[{"eventId":"AQAAAXM0ebvgh5HJQQAAAABBWE0wZWNQVGw4elY0TFNuQjhBQQ","content":{"status":"info","tags":["source:go-client-test-go-testsignalslistpost-local-1594313260","test","go","signal"],"timestamp":"2020-07-09T16:47:40.000Z","ingest_size_in_bytes":201,"custom":{"timestamp":1594313260000},"source":"go-client-test-go-TestSignalsListPost-local-1594313260","tiebreaker":-2020488895,"message":"go-TestSignalsListPost-local-1594313260"},"queryIndex":0,"trackKey":{"orgId":321813,"type":"logs"},"id":"AXM0ecPTl8zV4LSnB8AA"}],"queries":[{"query":"go-TestSignalsListPost-local-1594313260","groupByPaths":[]}]},"message":"%%%\nrule
      message\n%%%","tags":["datadog-api-client-test-go"],"timestamp":"2020-07-09T16:47:43.330Z"},"type":"signal","id":"AQAAAXM0ecjiAAAAAAAAAAB4OHktbmJhLXlzYS0xLUFYTTBlY1BUbDh6VjRMU25COEFB"}],"links":{"next":"https://api.datadoghq.com/api/v2/security_monitoring/signals?sort=-timestamp&filter%5Bto%5D=2020-07-09T20%3A47%3A40.872055%2B02%3A00&page%5Bcursor%5D=eyJhZnRlciI6IkFRQUFBWE0wZWNqaUFBQUFBQUFBQUFCNE9Ia3RibUpoTFhsellTMHhMVUZZVFRCbFkxQlViRGg2VmpSTVUyNUNPRUZCIn0&filter%5Bfrom%5D=2020-07-09T16%3A47%3A40.872055%2B02%3A00&filter%5Bquery%5D=go-TestSignalsListPost-local-1594313260&page%5Blimit%5D=1"}}'
    headers:
      Cache-Control:
      - no-cache
      Connection:
      - keep-alive
      Content-Disposition:
      - inline
      Content-Type:
      - application/json;charset=utf-8
      Date:
      - Thu, 09 Jul 2020 16:47:58 GMT
      Dd-Pool:
      - dogweb
      Pragma:
      - no-cache
      Set-Cookie:
      - DD-PSHARD=233; Max-Age=604800; Path=/; expires=Thu, 16-Jul-2020 16:47:58 GMT;
        secure; HttpOnly
      Strict-Transport-Security:
      - max-age=15724800;
      Vary:
      - Accept-Encoding
      X-Content-Type-Options:
      - nosniff
      X-Dd-Debug:
      - HTCsbjwqQM0jTFHFq9ukWObBv4f/yxvHIxzrANPhzJkr6s3+rN5uCN3TcZuK2V2B
      X-Dd-Version:
      - "35.2720737"
      X-Frame-Options:
      - SAMEORIGIN
    status: 200 OK
    code: 200
    duration: ""
- request:
    body: |
      {"filter":{"from":"2020-07-09T16:47:40.872055+02:00","query":"go-TestSignalsListPost-local-1594313260","to":"2020-07-09T20:47:40.872055+02:00"},"page":{"cursor":"eyJhZnRlciI6IkFRQUFBWE0wZWNqaUFBQUFBQUFBQUFCNE9Ia3RibUpoTFhsellTMHhMVUZZVFRCbFkxQlViRGg2VmpSTVUyNUNPRUZCIn0","limit":1},"sort":"-timestamp"}
    form: {}
    headers:
      Accept:
      - application/json
      Content-Type:
      - application/json
      Dd-Operation-Id:
      - SearchSecurityMonitoringSignals
      User-Agent:
      - datadog-api-client-go/1.0.0-beta.7+dev (go go1.14.2; os darwin; arch amd64)
      X-Datadog-Parent-Id:
      - "9047201852740419143"
      X-Datadog-Sampling-Priority:
      - "1"
      X-Datadog-Trace-Id:
      - "1111614278270881599"
    url: https://api.datadoghq.com/api/v2/security_monitoring/signals/search
    method: POST
  response:
    body: '{"meta":{"page":{"after":"eyJhZnRlciI6IkFRQUFBWE0wZWNTcEFBQUFBQUFBQUFCNE9Ia3RibUpoTFhsellTMHhMVUZZVFRCbFkwNU9ibU5TYUhORE1VbGFkMEZCIn0"}},"data":[{"attributes":{"status":"info","attributes":{"relatedLogsQuery":{"query":"go-TestSignalsListPost-local-1594313260","from":"2020-07-09T16:16:00.000Z","to":"2020-07-10T16:31:00.000Z"},"title":"go-TestSignalsListPost-local-1594313260
      - rule-case","groupByPaths":[],"workflow":{"first_seen":"2020-07-09T16:31:00.000Z","rule":{"version":1,"name":"go-TestSignalsListPost-local-1594313260","id":"x8y-nba-ysa"},"last_seen":"2020-07-09T16:31:00.000Z"},"samples":[{"eventId":"AQAAAXM0anmgINS_CQAAAABBWE0wZWNOTm5jUmhzQzFJWndBQQ","content":{"status":"info","tags":["source:go-client-test-go-testsignalslistpost-local-1594313260","test","go","signal"],"timestamp":"2020-07-09T16:31:00.000Z","ingest_size_in_bytes":201,"custom":{"timestamp":1594312260000},"source":"go-client-test-go-TestSignalsListPost-local-1594313260","tiebreaker":550813449,"message":"go-TestSignalsListPost-local-1594313260"},"queryIndex":0,"trackKey":{"orgId":321813,"type":"logs"},"id":"AXM0ecNNncRhsC1IZwAA"}],"queries":[{"query":"go-TestSignalsListPost-local-1594313260","groupByPaths":[]}]},"message":"%%%\nrule
      message\n%%%","tags":["datadog-api-client-test-go"],"timestamp":"2020-07-09T16:47:42.249Z"},"type":"signal","id":"AQAAAXM0ecSpAAAAAAAAAAB4OHktbmJhLXlzYS0xLUFYTTBlY05ObmNSaHNDMUlad0FB"}],"links":{"next":"https://api.datadoghq.com/api/v2/security_monitoring/signals?sort=-timestamp&filter%5Bto%5D=2020-07-09T20%3A47%3A40.872055%2B02%3A00&page%5Bcursor%5D=eyJhZnRlciI6IkFRQUFBWE0wZWNTcEFBQUFBQUFBQUFCNE9Ia3RibUpoTFhsellTMHhMVUZZVFRCbFkwNU9ibU5TYUhORE1VbGFkMEZCIn0&filter%5Bfrom%5D=2020-07-09T16%3A47%3A40.872055%2B02%3A00&filter%5Bquery%5D=go-TestSignalsListPost-local-1594313260&page%5Blimit%5D=1"}}'
    headers:
      Cache-Control:
      - no-cache
      Connection:
      - keep-alive
      Content-Disposition:
      - inline
      Content-Type:
      - application/json;charset=utf-8
      Date:
      - Thu, 09 Jul 2020 16:47:58 GMT
      Dd-Pool:
      - dogweb
      Pragma:
      - no-cache
      Set-Cookie:
      - DD-PSHARD=233; Max-Age=604800; Path=/; expires=Thu, 16-Jul-2020 16:47:58 GMT;
        secure; HttpOnly
      Strict-Transport-Security:
      - max-age=15724800;
      Vary:
      - Accept-Encoding
      X-Content-Type-Options:
      - nosniff
      X-Dd-Debug:
      - P2v7RkLoCWSKqMAo7HF484UAAT2/cQHsvX2DV8G10CAxYBcO25Cq9ZgfwOWpYGFP
      X-Dd-Version:
      - "35.2720737"
      X-Frame-Options:
      - SAMEORIGIN
    status: 200 OK
    code: 200
    duration: ""
